// Jest Snapshot v1, https://goo.gl/fbAQLP

exports[`tests button functional should match the snapshot 1`] = `
Object {
  "description": "",
  "displayName": "MyButton",
  "events": Object {},
  "methods": Array [],
  "props": Object {
    "size": Object {
      "description": "",
      "tags": Object {},
      "type": Object {
        "name": "string",
      },
    },
    "text": Object {
      "description": "",
      "tags": Object {},
      "type": Object {
        "name": "string",
      },
    },
  },
  "slots": Object {
    "default": Object {
      "bindings": Object {},
      "description": "Use this slot default",
    },
  },
  "tags": Object {},
}
`;
