// Jest Snapshot v1, https://goo.gl/fbAQLP

exports[`tests button should match the snapshot 1`] = `
Object {
  "description": "",
  "displayName": "Button",
  "events": Object {},
  "methods": Array [],
  "props": undefined,
  "slots": Object {
    "default": Object {
      "bindings": Object {},
      "description": "Use this slot default",
    },
  },
  "tags": Object {},
}
`;
